
[OK]
Erase of nvram: complete
A-C2960-STN01#terminal length 0
A-C2960-STN01#
00:10:07: %SYS-7-NV_BLOCK_INIT: Initialized the geometry of nvramshow version
Cisco IOS Software, C2960 Software (C2960-LANBASEK9-M), Version 12.2(35)SE5, RELEASE SOFTWARE (fc1)
Copyright (c) 1986-2007 by Cisco Systems, Inc.
Compiled Fri 20-Jul-07 02:11 by nachen
Image text-base: 0x00003000, data-base: 0x00E40000

ROM: Bootstrap program is C2960 boot loader
BOOTLDR: C2960 Boot Loader (C2960-HBOOT-M) Version 12.2(35r)SE2, RELEASE SOFTWARE (fc1)

A-C2960-STN01 uptime is 10 minutes
System returned to ROM by power-on
System image file is "flash:c2960-lanbasek9-mz.122-35.SE5/c2960-lanbasek9-mz.122-35.SE5.bin"


This product contains cryptographic features and is subject to United
States and local country laws governing import, export, transfer and
use. Delivery of Cisco cryptographic products does not imply
third-party authority to import, export, distribute or use encryption.
Importers, exporters, distributors and users are responsible for
compliance with U.S. and local country laws. By using this product you
agree to comply with applicable laws and regulations. If you are unable
to comply with U.S. and local laws, return this product immediately.

A summary of U.S. laws governing Cisco cryptographic products may be found at:
http://www.cisco.com/wwl/export/crypto/tool/stqrg.html

If you require further assistance please contact us by sending email to
export@cisco.com.

cisco WS-C2960-8TC-L (PowerPC405) processor (revision C0) with 61440K/4088K bytes of memory.
Processor board ID FOC1349W2H0
Last reset from power-on
1 Virtual Ethernet interface
8 FastEthernet interfaces
1 Gigabit Ethernet interface
The password-recovery mechanism is enabled.

64K bytes of flash-simulated non-volatile configuration memory.
Base ethernet MAC Address       : 9C:AF:CA:A1:6C:80
Motherboard assembly number     : 73-10611-07
Power supply part number        : 341-0208-01
Motherboard serial number       : FOC134925XM
Power supply serial number      : LIT13410F9L
Model revision number           : C0
Motherboard revision number     : D0
Model number                    : WS-C2960-8TC-L
System serial number            : FOC1349W2H0
Top Assembly Part Number        : 800-28132-02
Top Assembly Revision Number    : A0
Version ID                      : V02
CLEI Code Number                : COM8A00ARB
Hardware Board Revision Number  : 0x01


Switch   Ports  Model              SW Version              SW Image            
------   -----  -----              ----------              ----------          
*    1   9      WS-C2960-8TC-L     12.2(35)SE5             C2960-LANBASEK9-M   


Configuration register is 0xF

A-C2960-STN01#show inventory
NAME: "1", DESCR: "WS-C2960-8TC-L"
PID: WS-C2960-8TC-L    , VID: V02, SN: FOC1349W2H0


A-C2960-STN01#